// Jest Snapshot v1, https://goo.gl/fbAQLP

exports[`AvailableProducts should render without exploding 1`] = `ReactWrapper {}`;
