// Jest Snapshot v1, https://goo.gl/fbAQLP

exports[`AllProducts should render without exploding 1`] = `ReactWrapper {}`;
