// Jest Snapshot v1, https://goo.gl/fbAQLP

exports[`Product should render without exploding 1`] = `ReactWrapper {}`;
